// Jest Snapshot v1, https://goo.gl/fbAQLP

exports[`PickerNetwork should render the label inside the PickerNetwork 1`] = `
<div>
  <button
    class="box mm-picker-network box--padding-right-4 box--padding-left-2 box--display-flex box--gap-2 box--flex-direction-row box--align-items-center box--background-color-background-alternative box--rounded-pill"
    data-testid="picker-network"
  >
    <div
      class="box mm-avatar-base mm-avatar-base--size-xs mm-avatar-network mm-picker-network__avatar-network box--display-flex box--flex-direction-row box--justify-content-center box--align-items-center box--color-text-default box--background-color-background-alternative box--border-color-transparent box--border-style-solid box--border-width-1"
    >
      I
    </div>
    <p
      class="box mm-text mm-text--body-sm mm-text--ellipsis mm-text--color-text-default box--flex-direction-row"
    >
      Imported
    </p>
    <div
      class="box mm-picker-network__arrow-down-icon mm-icon mm-icon--size-xs box--flex-direction-row box--color-icon-default"
      style="mask-image: url('./images/icons/arrow-down.svg');"
    />
  </button>
</div>
`;
