// Jest Snapshot v1, https://goo.gl/fbAQLP

exports[`ButtonLink should render button element correctly 1`] = `
<div>
  <button
    class="mm-box mm-text mm-button-base mm-button-link mm-button-link--size-auto mm-text--body-md-medium mm-box--padding-0 mm-box--padding-right-0 mm-box--padding-left-0 mm-box--display-inline-flex mm-box--justify-content-center mm-box--align-items-center mm-box--color-primary-default mm-box--background-color-transparent"
    data-testid="button-link"
  >
    Button Link
  </button>
</div>
`;
