// Jest Snapshot v1, https://goo.gl/fbAQLP

exports[`ConfirmInfoRowTypedSignData should match snapshot 1`] = `
<div>
  <div
    class="mm-box mm-box--width-full"
  >
    <div
      class="mm-box"
      style="margin-left: -8px;"
    >
      <div
        class="mm-box mm-box--width-full"
      >
        <div
          class="flex-row flex-wrap items-start justify-between mt-2 mb-2 pr-2 pl-2 flex confirm-info-row rounded-lg text-default"
          data-testid="confirmation_data-Message-index-0"
          style="overflow-wrap: anywhere; min-height: 24px; position: relative; padding-right: 0px;"
        >
          <div
            class="flex-row items-start justify-start flex text-alternative"
            style="flex-shrink: 0; flex-basis: auto; max-width: 100%;"
          >
            <div
              class="items-center flex"
              style="flex-shrink: 0;"
            >
              <p
                class="mm-box mm-text mm-text--body-md-medium mm-box--color-inherit"
              >
                Message:
              </p>
            </div>
          </div>
          <div
            class="flex-wrap gap-2 items-center flex min-w-0"
          >
            <p
              class="mm-box mm-text mm-text--body-md mm-box--color-inherit"
              style="white-space: pre-wrap;"
            >
              Hi, Alice!
            </p>
          </div>
        </div>
        <div
          class="flex-row flex-wrap items-start justify-between mt-2 mb-2 pr-2 pl-2 flex confirm-info-row rounded-lg text-default"
          data-testid="confirmation_data-A number-index-1"
          style="overflow-wrap: anywhere; min-height: 24px; position: relative; padding-right: 0px;"
        >
          <div
            class="flex-row items-start justify-start flex text-alternative"
            style="flex-shrink: 0; flex-basis: auto; max-width: 100%;"
          >
            <div
              class="items-center flex"
              style="flex-shrink: 0;"
            >
              <p
                class="mm-box mm-text mm-text--body-md-medium mm-box--color-inherit"
              >
                A number:
              </p>
            </div>
          </div>
          <div
            class="flex-wrap gap-2 items-center flex min-w-0"
          >
            <p
              class="mm-box mm-text mm-text--body-md mm-box--color-inherit"
              style="white-space: pre-wrap;"
            >
              1337
            </p>
          </div>
        </div>
      </div>
    </div>
  </div>
</div>
`;
