// Jest Snapshot v1, https://goo.gl/fbAQLP

exports[`Connected Site Menu should render the site menu in connected state 1`] = `
<div>
  <button
    class="mm-box multichain-connected-site-menu mm-box--display-flex mm-box--justify-content-center mm-box--align-items-center mm-box--background-color-background-default mm-box--rounded-lg"
    data-testid="connection-menu"
  >
    <span
      class="mm-box mm-icon mm-icon--size-lg mm-box--display-inline-block mm-box--color-icon-default"
      style="mask-image: url('./images/icons/global.svg');"
    />
  </button>
</div>
`;

exports[`Connected Site Menu should render the site menu in not connected state 1`] = `
<div>
  <button
    class="mm-box multichain-connected-site-menu mm-box--display-flex mm-box--justify-content-center mm-box--align-items-center mm-box--background-color-background-default mm-box--rounded-lg"
    data-testid="connection-menu"
  >
    <span
      class="mm-box mm-icon mm-icon--size-lg mm-box--display-inline-block mm-box--color-icon-default"
      style="mask-image: url('./images/icons/global.svg');"
    />
  </button>
</div>
`;

exports[`Connected Site Menu should render the site menu in not connected to current account state 1`] = `
<div>
  <button
    class="mm-box multichain-connected-site-menu mm-box--display-flex mm-box--justify-content-center mm-box--align-items-center mm-box--background-color-background-default mm-box--rounded-lg"
    data-testid="connection-menu"
  >
    <span
      class="mm-box mm-icon mm-icon--size-lg mm-box--display-inline-block mm-box--color-icon-default"
      style="mask-image: url('./images/icons/global.svg');"
    />
  </button>
</div>
`;
