// Jest Snapshot v1, https://goo.gl/fbAQLP

exports[`formatPaymentMethodDelay matches snapshot for formatted delay labels 1`] = `
{
  "instant": "Instant",
  "lessThan": "Less than 10 mins",
  "range": "5 - 10 mins",
}
`;

exports[`timeToDescription matches snapshot for common delay ranges 1`] = `
{
  "instant": [
    "instant",
  ],
  "lessThanMinutes": [
    "less_than",
    "10",
    "minutes",
  ],
  "rangeDays": [
    "1",
    "separator",
    "3",
    "business_days",
  ],
  "rangeHours": [
    "1",
    "separator",
    "3",
    "hours",
  ],
  "rangeMinutes": [
    "5",
    "separator",
    "10",
    "minutes",
  ],
}
`;
