// Jest Snapshot v1, https://goo.gl/fbAQLP

exports[`ConfirmInfo should match snapshot 1`] = `
<div>
  <div
    class="mm-box mm-box--display-flex mm-box--flex-direction-column mm-box--background-color-background-default mm-box--rounded-lg"
  >
    <div
      class="mm-box confirm-info-row mm-box--margin-top-2 mm-box--margin-bottom-2 mm-box--padding-right-2 mm-box--padding-left-2 mm-box--display-flex mm-box--flex-direction-row mm-box--flex-wrap-wrap mm-box--justify-content-space-between mm-box--color-text-default mm-box--rounded-lg"
      style="overflow-wrap: anywhere; min-height: 24px;"
    >
      <div
        class="mm-box mm-box--display-flex mm-box--flex-direction-row mm-box--justify-content-center mm-box--align-items-center"
      >
        <p
          class="mm-box mm-text mm-text--body-md-medium mm-box--color-inherit"
        >
          Address
        </p>
      </div>
      <div
        class="mm-box mm-box--display-flex mm-box--flex-direction-row mm-box--align-items-center"
      >
        <div
          class="mm-box mm-text mm-avatar-base mm-avatar-base--size-xs mm-avatar-account mm-text--body-xs mm-text--text-transform-uppercase mm-box--display-flex mm-box--justify-content-center mm-box--align-items-center mm-box--color-text-default mm-box--background-color-background-alternative mm-box--rounded-full mm-box--border-color-transparent box--border-style-solid box--border-width-1"
        >
          <div
            class="mm-avatar-account__jazzicon"
          >
            <div
              style="border-radius: 50px; overflow: hidden; padding: 0px; margin: 0px; width: 16px; height: 16px; display: inline-block; background: rgb(1, 142, 116);"
            >
              <svg
                height="16"
                width="16"
                x="0"
                y="0"
              >
                <rect
                  fill="#FB1891"
                  height="16"
                  transform="translate(0.6335263099240563 1.7352552986765108) rotate(129.9 8 8)"
                  width="16"
                  x="0"
                  y="0"
                />
                <rect
                  fill="#F90901"
                  height="16"
                  transform="translate(-5.227286615169763 8.640359200885621) rotate(141.5 8 8)"
                  width="16"
                  x="0"
                  y="0"
                />
                <rect
                  fill="#F26A02"
                  height="16"
                  transform="translate(10.585940898259892 -4.814122444807073) rotate(339.2 8 8)"
                  width="16"
                  x="0"
                  y="0"
                />
              </svg>
            </div>
          </div>
        </div>
        <div>
          <div
            aria-describedby="tippy-tooltip-1"
            class=""
            data-original-title="0xCcCCccccCCCCcCCCCCCcCcCccCcCCCcCcccccccC"
            data-tooltipped=""
            style="display: inline;"
            tabindex="0"
          >
            <p
              class="mm-box mm-text mm-text--body-md mm-box--margin-left-2 mm-box--color-inherit"
            >
              0xCcCCc...ccccC
            </p>
          </div>
        </div>
      </div>
    </div>
    <div
      style="height: 1px;"
    />
    <div
      class="mm-box confirm-info-row mm-box--margin-top-2 mm-box--margin-bottom-2 mm-box--padding-right-2 mm-box--padding-left-2 mm-box--display-flex mm-box--flex-direction-row mm-box--flex-wrap-wrap mm-box--justify-content-space-between mm-box--color-text-default mm-box--rounded-lg"
      style="overflow-wrap: anywhere; min-height: 24px;"
    >
      <div
        class="mm-box mm-box--display-flex mm-box--flex-direction-row mm-box--justify-content-center mm-box--align-items-center"
      >
        <p
          class="mm-box mm-text mm-text--body-md-medium mm-box--color-inherit"
        >
          Account
        </p>
      </div>
      <div
        class="mm-box mm-box--display-flex mm-box--gap-2 mm-box--flex-direction-row mm-box--flex-wrap-wrap mm-box--align-items-center"
      >
        <p
          class="mm-box mm-text mm-text--body-md mm-box--color-text-muted"
        >
          $834.32
        </p>
        <p
          class="mm-box mm-text mm-text--body-md mm-box--color-inherit"
        >
          0.05 ETH
        </p>
      </div>
    </div>
  </div>
</div>
`;
