// Jest Snapshot v1, https://goo.gl/fbAQLP

exports[`ActivityList renders a pending header when a ramp order is pending 1`] = `
<div>
  <div>
    <div
      class="px-4 pt-3 pb-1 bg-background-default"
    >
      <p
        class="leading-s-body-md tracking-s-body-md md:text-l-body-md md:leading-l-body-md md:tracking-l-body-md font-regular font-default text-sm text-alternative"
      >
        [pending]
      </p>
    </div>
  </div>
  <div>
    <button
      data-testid="activity-row-rampBuy"
      type="button"
    >
      rampBuy
    </button>
  </div>
  <dialog
    class="dialog-modal w-full h-dvh max-h-dvh mx-auto p-0 border-0 bg-background-default text-default"
  />
</div>
`;
