// Jest Snapshot v1, https://goo.gl/fbAQLP

exports[`NetworkSelectorCustomImport should match snapshot 1`] = `
<div>
  <button
    class="mm-box mm-text mm-select-button mm-select-button--block mm-select-button--size-lg mm-text--body-md mm-box--padding-top-3 mm-box--padding-right-4 mm-box--padding-bottom-3 mm-box--padding-left-4 mm-box--display-flex mm-box--gap-2 mm-box--justify-content-space-between mm-box--align-items-center mm-box--width-full mm-box--height-full mm-box--color-text-default mm-box--background-color-background-muted mm-box--rounded-xl mm-box--border-color-border-default box--border-style-solid box--border-width-1"
    data-testid="network-selector-button"
  >
    <span
      class="mm-box mm-select-button__content mm-box--display-flex mm-box--flex-direction-column mm-box--width-full"
    >
      Test Title
    </span>
    <span
      class="mm-box mm-icon mm-icon--size-sm mm-box--display-inline-block mm-box--color-inherit"
      style="mask-image: url('./images/icons/arrow-down.svg');"
    />
  </button>
</div>
`;
