// Jest Snapshot v1, https://goo.gl/fbAQLP

exports[`CreatePasswordForm renders match snapshot 1`] = `
<div>
  <form
    class="flex flex-col gap-4 justify-between create-password h-full w-full"
    data-testid="parent-selector-onboarding-password"
  >
    <div
      class=""
    >
      <div
        class="mb-4 w-full"
      >
        <button
          aria-label="Back"
          class="inline-flex items-center justify-center p-0 h-8 w-8 rounded-lg bg-transparent hover:bg-hover active:bg-pressed text-icon-default"
          color="text-icon-default"
          data-testid="create-password-back-button"
          type="button"
        >
          <svg
            class="inline-block w-6 h-6 text-inherit"
            fill="currentColor"
            viewBox="0 0 24 24"
            xmlns="http://www.w3.org/2000/svg"
          >
            <path
              d="M15.53 18.97a.75.75 0 0 1-1.06 1.06l-7.5-7.5a.75.75 0 0 1 0-1.06l7.5-7.5a.75.75 0 0 1 1.06 1.06L8.56 12Z"
            />
          </svg>
        </button>
      </div>
      <div
        class="mb-4 w-full"
      >
        <h2
          class="text-default text-s-heading-lg leading-s-heading-lg tracking-s-heading-lg md:text-l-heading-lg md:leading-l-heading-lg md:tracking-l-heading-lg font-bold font-default"
        >
          MetaMask password
        </h2>
        <p
          class="text-alternative text-s-body-md leading-s-body-md tracking-s-body-md md:text-l-body-md md:leading-l-body-md md:tracking-l-body-md font-regular font-default"
        >
          Unlocks MetaMask on this device only.
        </p>
      </div>
      <div
        class=""
      >
        <div
          class="mm-box mm-form-text-field mm-box--display-flex mm-box--flex-direction-column"
        >
          <label
            class="mm-box mm-text mm-label mm-label--html-for mm-form-text-field__label mm-text--body-md mm-text--font-weight-medium mm-box--margin-bottom-1 mm-box--display-inline-flex mm-box--align-items-center mm-box--color-text-default"
            for="create-password-new"
          >
            Create new password
          </label>
          <div
            class="mm-box mm-text-field mm-text-field--size-lg mm-text-field--focused mm-text-field--truncate mm-form-text-field__text-field mm-box--padding-right-4 mm-box--padding-left-0 mm-box--display-inline-flex mm-box--align-items-center mm-box--background-color-background-default mm-box--rounded-lg mm-box--border-width-1 box--border-style-solid"
          >
            <input
              autocomplete="on"
              class="mm-box mm-text mm-input mm-input--disable-state-styles mm-text-field__input mm-text--body-md mm-box--margin-0 mm-box--padding-0 mm-box--padding-right-2 mm-box--padding-left-4 mm-box--color-text-default mm-box--background-color-transparent mm-box--border-style-none"
              data-testid="create-password-new-input"
              focused="true"
              id="create-password-new"
              type="password"
              value=""
            />
            <button
              aria-label="Show password"
              class="inline-flex items-center justify-center p-0 h-8 w-8 rounded-lg bg-transparent hover:bg-hover active:bg-pressed text-icon-default"
              data-testid="show-password"
              type="button"
            >
              <svg
                class="inline-block w-6 h-6 text-inherit"
                fill="currentColor"
                viewBox="0 0 24 24"
                xmlns="http://www.w3.org/2000/svg"
              >
                <path
                  d="M23.185 11.696c-.032-.074-.827-1.835-2.592-3.6C18.241 5.742 15.27 4.5 12 4.5S5.76 5.743 3.407 8.095C1.642 9.861.844 11.625.815 11.696a.75.75 0 0 0 0 .61c.032.074.827 1.834 2.592 3.6C5.759 18.256 8.73 19.5 12 19.5s6.24-1.243 8.593-3.594c1.765-1.766 2.56-3.526 2.592-3.6a.75.75 0 0 0 0-.61M12 18c-2.886 0-5.407-1.05-7.493-3.117A12.5 12.5 0 0 1 2.344 12a12.5 12.5 0 0 1 2.163-2.883C6.593 7.05 9.114 6 12 6s5.407 1.05 7.493 3.117A12.5 12.5 0 0 1 21.661 12c-.676 1.262-3.62 6-9.661 6m0-10.5a4.5 4.5 0 1 0 4.5 4.5A4.505 4.505 0 0 0 12 7.5m0 7.5a3 3 0 1 1 3-3 3 3 0 0 1-3 3"
                />
              </svg>
            </button>
          </div>
          <p
            class="mm-box mm-text mm-help-text mm-form-text-field__help-text text-alternative mm-text--body-sm mm-box--margin-top-1 mm-box--color-text-default"
            data-testid="short-password-error"
          >
            Must be at least 8 characters
          </p>
        </div>
        <div
          class="mm-box mm-form-text-field mm-box--margin-top-4 mm-box--display-flex mm-box--flex-direction-column"
        >
          <label
            class="mm-box mm-text mm-label mm-label--html-for mm-form-text-field__label mm-text--body-md mm-text--font-weight-medium mm-box--margin-bottom-1 mm-box--display-inline-flex mm-box--align-items-center mm-box--color-text-default"
            for="create-password-confirm"
          >
            Confirm password
          </label>
          <div
            class="mm-box mm-text-field mm-text-field--size-lg mm-text-field--truncate mm-form-text-field__text-field mm-box--padding-right-4 mm-box--padding-left-0 mm-box--display-inline-flex mm-box--align-items-center mm-box--background-color-background-default mm-box--rounded-lg mm-box--border-width-1 box--border-style-solid"
          >
            <input
              autocomplete="on"
              class="mm-box mm-text mm-input mm-input--disable-state-styles mm-text-field__input mm-text--body-md mm-box--margin-0 mm-box--padding-0 mm-box--padding-right-2 mm-box--padding-left-4 mm-box--color-text-default mm-box--background-color-transparent mm-box--border-style-none"
              data-testid="create-password-confirm-input"
              focused="false"
              id="create-password-confirm"
              type="password"
              value=""
            />
            <button
              aria-label="Show password"
              class="inline-flex items-center justify-center p-0 h-8 w-8 rounded-lg bg-transparent hover:bg-hover active:bg-pressed text-icon-default"
              data-testid="show-confirm-password"
              type="button"
            >
              <svg
                class="inline-block w-6 h-6 text-inherit"
                fill="currentColor"
                viewBox="0 0 24 24"
                xmlns="http://www.w3.org/2000/svg"
              >
                <path
                  d="M23.185 11.696c-.032-.074-.827-1.835-2.592-3.6C18.241 5.742 15.27 4.5 12 4.5S5.76 5.743 3.407 8.095C1.642 9.861.844 11.625.815 11.696a.75.75 0 0 0 0 .61c.032.074.827 1.834 2.592 3.6C5.759 18.256 8.73 19.5 12 19.5s6.24-1.243 8.593-3.594c1.765-1.766 2.56-3.526 2.592-3.6a.75.75 0 0 0 0-.61M12 18c-2.886 0-5.407-1.05-7.493-3.117A12.5 12.5 0 0 1 2.344 12a12.5 12.5 0 0 1 2.163-2.883C6.593 7.05 9.114 6 12 6s5.407 1.05 7.493 3.117A12.5 12.5 0 0 1 21.661 12c-.676 1.262-3.62 6-9.661 6m0-10.5a4.5 4.5 0 1 0 4.5 4.5A4.505 4.505 0 0 0 12 7.5m0 7.5a3 3 0 1 1 3-3 3 3 0 0 1-3 3"
                />
              </svg>
            </button>
          </div>
        </div>
      </div>
      <div
        class="mt-6 p-3 bg-muted create-password__terms-container rounded-lg"
      >
        <label
          class="inline-flex self-start items-start"
          data-testid="create-password-terms"
          for="create-password-terms"
        >
          <div
            class="relative inline-flex size-6 items-center justify-center"
          >
            <input
              aria-invalid="false"
              class="peer size-6 shrink-0 cursor-pointer appearance-none rounded border-2 p-0 transition-transform enabled:active:scale-95 focus-visible:outline focus-visible:outline-2 focus-visible:outline-offset-2 focus-visible:outline-primary-default disabled:cursor-not-allowed bg-transparent enabled:hover:bg-hover enabled:active:bg-pressed border-default"
              id="create-password-terms"
              type="checkbox"
            />
            <svg
              class="inline-block w-4 h-4 text-icon-inverse pointer-events-none absolute left-1/2 top-1/2 -translate-x-1/2 -translate-y-1/2 transition peer-enabled:peer-active:scale-95 opacity-0"
              fill="currentColor"
              viewBox="0 0 24 24"
              xmlns="http://www.w3.org/2000/svg"
            >
              <path
                d="m21.53 7.28-12 12a.75.75 0 0 1-1.06 0l-5.25-5.25a.75.75 0 0 1 1.06-1.06L9 17.69 20.47 6.22a.75.75 0 0 1 1.06 1.06"
              />
            </svg>
          </div>
          <span
            class="text-default text-s-body-md leading-s-body-md tracking-s-body-md md:text-l-body-md md:leading-l-body-md md:tracking-l-body-md font-regular font-default ml-3"
          >
            <span
              class="text-default text-s-body-sm leading-s-body-sm tracking-s-body-sm md:text-l-body-sm md:leading-l-body-sm md:tracking-l-body-sm font-regular font-default"
            >
              If I lose this password, MetaMask can’t reset it.
              <br />
              <a
                href="https://support.metamask.io/configure/wallet/passwords-and-metamask/?utm_source=extension"
                rel="noopener noreferrer"
                target="_blank"
              >
                <span
                  class="create-password__link-text"
                >
                  Learn more
                </span>
              </a>
            </span>
          </span>
        </label>
      </div>
    </div>
    <div
      class=""
    >
      <button
        class="inline-flex items-center justify-center rounded-xl px-4 font-medium overflow-hidden relative h-12 transition-all duration-100 ease-linear active:scale-[0.97] active:ease-[cubic-bezier(0.3,0.8,0.3,1)] bg-icon-default text-primary-inverse hover:bg-icon-default-hover active:bg-icon-default-pressed focus-visible:ring-0 focus-visible:outline focus-visible:outline-2 focus-visible:outline-offset-2 focus-visible:outline-primary-default create-password__form--submit-button w-full"
        data-testid="create-password-submit"
        disabled=""
        role="button"
        type="submit"
      >
        <span
          class="text-inherit text-s-body-md leading-s-body-md tracking-s-body-md md:text-l-body-md md:leading-l-body-md md:tracking-l-body-md font-medium font-default"
        >
          Create password
        </span>
      </button>
    </div>
  </form>
</div>
`;
