// Jest Snapshot v1, https://goo.gl/fbAQLP

exports[`Reveal Seed Page should match snapshot 1`] = `
<div>
  <div
    class="box page-container box--padding-top-8 box--padding-right-4 box--padding-bottom-8 box--padding-left-4 box--gap-4 box--flex-direction-row"
    data-testid="reveal-seed-page"
  >
    <div
      class="box box--display-flex box--gap-2 box--flex-direction-row box--justify-content-space-between box--align-items-center"
    >
      <button
        aria-label="Back"
        class="inline-flex items-center justify-center p-0 h-8 w-8 rounded-lg bg-transparent hover:bg-hover active:bg-pressed text-icon-default"
        data-testid="reveal-recovery-phrase-back-button"
      >
        <svg
          class="inline-block w-6 h-6 text-inherit"
          fill="currentColor"
          viewBox="0 0 24 24"
          xmlns="http://www.w3.org/2000/svg"
        >
          <path
            d="m15.112 21.886-10-10 10-10 1.775 1.775-8.225 8.224 8.225 8.226z"
          />
        </svg>
      </button>
      <h4
        class="mm-box mm-text mm-text--heading-sm mm-box--color-text-default"
      >
        Reveal Secret Recovery Phrase
      </h4>
      <div
        class="box box--flex-direction-row"
      />
    </div>
    <div
      class="box box--padding-top-6 box--display-flex box--gap-6 box--flex-direction-column box--justify-content-center box--align-items-center"
      data-testid="reveal-seed-quiz-introduction"
    >
      <img
        alt="Reveal SRP"
        class="w-[190px] h-[220px] object-contain"
        src="images/reveal_srp.png"
      />
      <p
        class="mm-box mm-text mm-text--body-md mm-box--color-text-alternative"
      >
        To reveal your Secret Recovery Phrase, you need to correctly answer two questions.
      </p>
    </div>
    <div
      class="box box--margin-top-auto box--display-flex box--gap-4 box--flex-direction-column box--justify-content-center box--align-items-center"
    >
      <button
        class="mm-box mm-text mm-button-base mm-button-base--size-lg mm-button-primary mm-text--body-md-medium mm-box--padding-0 mm-box--padding-right-4 mm-box--padding-left-4 mm-box--display-inline-flex mm-box--justify-content-center mm-box--align-items-center mm-box--width-full mm-box--color-icon-inverse mm-box--background-color-icon-default mm-box--rounded-xl"
        data-testid="reveal-seed-quiz-get-started"
      >
        Get started
      </button>
      <button
        class="mm-box mm-text mm-button-base mm-button-base--size-lg mm-button-link mm-text--body-md-medium mm-box--padding-0 mm-box--padding-right-0 mm-box--padding-left-0 mm-box--display-inline-flex mm-box--justify-content-center mm-box--align-items-center mm-box--width-full mm-box--color-primary-default mm-box--background-color-transparent"
        data-testid="reveal-seed-quiz-intro-learn-more"
      >
        Learn more
      </button>
    </div>
  </div>
</div>
`;
