// Jest Snapshot v1, https://goo.gl/fbAQLP

exports[`AvatarAccount should render correctly 1`] = `
<div>
  <div
    class="box mm-text mm-avatar-base mm-avatar-base--size-md mm-avatar-account mm-text--body-sm mm-text--text-transform-uppercase box--display-flex box--flex-direction-row box--justify-content-center box--align-items-center box--color-text-default box--background-color-background-alternative box--rounded-full box--border-color-border-default box--border-style-solid box--border-width-1"
    data-testid="avatar-account"
  >
    <canvas
      height="32"
      style="display: none;"
      width="32"
    />
    <img
      alt=""
      height="32"
      src="data:image/png;base64,00"
      style="border-radius: 50%;"
      width="32"
    />
  </div>
</div>
`;
