// Jest Snapshot v1, https://goo.gl/fbAQLP

exports[`IncomingTransactionToggle should render existing incoming transaction preferences 1`] = `
<div>
  <div
    class="mm-box mm-incoming-transaction-toggle"
  >
    <p
      class="mm-box mm-text mm-text--body-md mm-box--color-text-default"
    >
      Show incoming transactions
    </p>
    <p
      class="mm-box mm-text mm-text--body-sm mm-box--color-text-alternative"
    >
      This relies on different third-party APIs for each network, which expose your Ethereum address and your IP address.
    </p>
    <div
      class="mm-box network-toggle-wrapper mm-box--margin-top-6 mm-box--margin-bottom-6 mm-box--display-flex mm-box--gap-4 mm-box--flex-direction-row mm-box--justify-content-space-between"
      data-testid="network-toggle-0x1"
    >
      <div
        class="mm-box network-toggle-wrapper__overflow-container mm-box--display-flex mm-box--gap-4 mm-box--align-items-center mm-box--width-full mm-box--background-color-transparent"
      >
        <div
          class="mm-box mm-text mm-avatar-base mm-avatar-base--size-sm mm-avatar-network mm-text--body-sm mm-text--text-transform-uppercase mm-box--display-flex mm-box--justify-content-center mm-box--align-items-center mm-box--color-text-default mm-box--background-color-background-alternative mm-box--rounded-full mm-box--border-color-transparent box--border-style-solid box--border-width-1"
        >
          <img
            alt="Ethereum Mainnet logo"
            class="mm-avatar-network__network-image"
            src="./images/eth_logo.svg"
          />
        </div>
        <div
          class="mm-box network-toggle-wrapper__overflow-container mm-box--display-flex mm-box--flex-direction-column"
        >
          <p
            class="mm-box mm-text mm-text--body-md mm-text--ellipsis mm-box--color-text-default mm-box--background-color-transparent"
          >
            Ethereum Mainnet
          </p>
          <p
            class="mm-box mm-text mm-text--body-sm mm-text--ellipsis mm-box--color-primary-default mm-box--background-color-transparent"
          >
            <a
              href="https://etherscan.io"
              rel="noreferrer"
              target="_blank"
            >
              Etherscan.io
            </a>
          </p>
        </div>
      </div>
      <div
        class="mm-box mm-box--margin-left-auto"
      >
        <label
          class="toggle-button toggle-button--on"
          tabindex="0"
        >
          <div
            style="display: flex; width: 52px; align-items: center; justify-content: flex-start; position: relative; cursor: pointer; background-color: transparent; border: 0px; padding: 0px; user-select: none;"
          >
            <div
              style="width: 40px; height: 24px; padding: 0px; border-radius: 26px; display: flex; align-items: center; justify-content: center; background-color: rgb(242, 244, 246);"
            >
              <div
                style="font-size: 11px; display: flex; align-items: center; justify-content: center; font-family: 'Helvetica Neue', Helvetica, sans-serif; position: relative; color: rgb(250, 250, 250); margin-top: auto; margin-bottom: auto; line-height: 0; opacity: 1; width: 26px; height: 20px; left: 4px;"
              />
              <div
                style="font-size: 11px; display: flex; align-items: center; justify-content: center; font-family: 'Helvetica Neue', Helvetica, sans-serif; position: relative; color: rgba(255, 255, 255, 0.6); bottom: 0px; margin-top: auto; margin-bottom: auto; padding-right: 5px; line-height: 0; width: 26px; height: 20px; opacity: 0;"
              />
            </div>
            <div
              style="position: absolute; height: 100%; top: 0px; left: 0px; display: flex; flex: 1; align-self: stretch; align-items: center; justify-content: flex-start;"
            >
              <div
                style="width: 18px; height: 18px; display: flex; align-self: center; box-shadow: none; border-radius: 50%; box-sizing: border-box; position: relative; background-color: rgb(3, 125, 214); left: 18px;"
              />
            </div>
            <input
              style="border: 0px; height: 1px; margin: -1px; overflow: hidden; padding: 0px; position: absolute; width: 1px;"
              type="checkbox"
              value="true"
            />
          </div>
          <div
            class="toggle-button__status"
          >
            <span
              class="toggle-button__label-off"
            >
              Off
            </span>
            <span
              class="toggle-button__label-on"
            >
              On
            </span>
          </div>
        </label>
      </div>
    </div>
    <div
      class="mm-box network-toggle-wrapper mm-box--margin-top-6 mm-box--margin-bottom-6 mm-box--display-flex mm-box--gap-4 mm-box--flex-direction-row mm-box--justify-content-space-between"
      data-testid="network-toggle-0xe708"
    >
      <div
        class="mm-box network-toggle-wrapper__overflow-container mm-box--display-flex mm-box--gap-4 mm-box--align-items-center mm-box--width-full mm-box--background-color-transparent"
      >
        <div
          class="mm-box mm-text mm-avatar-base mm-avatar-base--size-sm mm-avatar-network mm-text--body-sm mm-text--text-transform-uppercase mm-box--display-flex mm-box--justify-content-center mm-box--align-items-center mm-box--color-text-default mm-box--background-color-background-alternative mm-box--rounded-full mm-box--border-color-transparent box--border-style-solid box--border-width-1"
        >
          <img
            alt="Linea Mainnet logo"
            class="mm-avatar-network__network-image"
            src="./images/linea-logo-mainnet.svg"
          />
        </div>
        <div
          class="mm-box network-toggle-wrapper__overflow-container mm-box--display-flex mm-box--flex-direction-column"
        >
          <p
            class="mm-box mm-text mm-text--body-md mm-text--ellipsis mm-box--color-text-default mm-box--background-color-transparent"
          >
            Linea Mainnet
          </p>
          <p
            class="mm-box mm-text mm-text--body-sm mm-text--ellipsis mm-box--color-primary-default mm-box--background-color-transparent"
          >
            <a
              href="https://lineascan.build"
              rel="noreferrer"
              target="_blank"
            >
              Lineascan.build
            </a>
          </p>
        </div>
      </div>
      <div
        class="mm-box mm-box--margin-left-auto"
      >
        <label
          class="toggle-button toggle-button--off"
          tabindex="0"
        >
          <div
            style="display: flex; width: 52px; align-items: center; justify-content: flex-start; position: relative; cursor: pointer; background-color: transparent; border: 0px; padding: 0px; user-select: none;"
          >
            <div
              style="width: 40px; height: 24px; padding: 0px; border-radius: 26px; display: flex; align-items: center; justify-content: center; background-color: rgb(242, 244, 246);"
            >
              <div
                style="font-size: 11px; display: flex; align-items: center; justify-content: center; font-family: 'Helvetica Neue', Helvetica, sans-serif; position: relative; color: rgb(250, 250, 250); margin-top: auto; margin-bottom: auto; line-height: 0; opacity: 0; width: 26px; height: 20px; left: 4px;"
              />
              <div
                style="font-size: 11px; display: flex; align-items: center; justify-content: center; font-family: 'Helvetica Neue', Helvetica, sans-serif; position: relative; color: rgba(255, 255, 255, 0.6); bottom: 0px; margin-top: auto; margin-bottom: auto; padding-right: 5px; line-height: 0; width: 26px; height: 20px; opacity: 1;"
              />
            </div>
            <div
              style="position: absolute; height: 100%; top: 0px; left: 0px; display: flex; flex: 1; align-self: stretch; align-items: center; justify-content: flex-start;"
            >
              <div
                style="width: 18px; height: 18px; display: flex; align-self: center; box-shadow: none; border-radius: 50%; box-sizing: border-box; position: relative; background-color: rgb(106, 115, 125); left: 3px;"
              />
            </div>
            <input
              style="border: 0px; height: 1px; margin: -1px; overflow: hidden; padding: 0px; position: absolute; width: 1px;"
              type="checkbox"
              value="false"
            />
          </div>
          <div
            class="toggle-button__status"
          >
            <span
              class="toggle-button__label-off"
            >
              Off
            </span>
            <span
              class="toggle-button__label-on"
            >
              On
            </span>
          </div>
        </label>
      </div>
    </div>
    <div
      class="mm-box network-toggle-wrapper mm-box--margin-top-6 mm-box--margin-bottom-6 mm-box--display-flex mm-box--gap-4 mm-box--flex-direction-row mm-box--justify-content-space-between"
      data-testid="network-toggle-0xfa"
    >
      <div
        class="mm-box network-toggle-wrapper__overflow-container mm-box--display-flex mm-box--gap-4 mm-box--align-items-center mm-box--width-full mm-box--background-color-transparent"
      >
        <div
          class="mm-box mm-text mm-avatar-base mm-avatar-base--size-sm mm-avatar-network mm-text--body-sm mm-text--text-transform-uppercase mm-box--display-flex mm-box--justify-content-center mm-box--align-items-center mm-box--color-text-default mm-box--background-color-background-alternative mm-box--rounded-full mm-box--border-color-transparent box--border-style-solid box--border-width-1"
        >
          F
        </div>
        <div
          class="mm-box network-toggle-wrapper__overflow-container mm-box--display-flex mm-box--flex-direction-column"
        >
          <p
            class="mm-box mm-text mm-text--body-md mm-text--ellipsis mm-box--color-text-default mm-box--background-color-transparent"
          >
            FANTOM
          </p>
          <p
            class="mm-box mm-text mm-text--body-sm mm-text--ellipsis mm-box--color-primary-default mm-box--background-color-transparent"
          >
            <a
              href="https://ftmscan.com"
              rel="noreferrer"
              target="_blank"
            >
              Ftmscan.com
            </a>
          </p>
        </div>
      </div>
      <div
        class="mm-box mm-box--margin-left-auto"
      >
        <label
          class="toggle-button toggle-button--on"
          tabindex="0"
        >
          <div
            style="display: flex; width: 52px; align-items: center; justify-content: flex-start; position: relative; cursor: pointer; background-color: transparent; border: 0px; padding: 0px; user-select: none;"
          >
            <div
              style="width: 40px; height: 24px; padding: 0px; border-radius: 26px; display: flex; align-items: center; justify-content: center; background-color: rgb(242, 244, 246);"
            >
              <div
                style="font-size: 11px; display: flex; align-items: center; justify-content: center; font-family: 'Helvetica Neue', Helvetica, sans-serif; position: relative; color: rgb(250, 250, 250); margin-top: auto; margin-bottom: auto; line-height: 0; opacity: 1; width: 26px; height: 20px; left: 4px;"
              />
              <div
                style="font-size: 11px; display: flex; align-items: center; justify-content: center; font-family: 'Helvetica Neue', Helvetica, sans-serif; position: relative; color: rgba(255, 255, 255, 0.6); bottom: 0px; margin-top: auto; margin-bottom: auto; padding-right: 5px; line-height: 0; width: 26px; height: 20px; opacity: 0;"
              />
            </div>
            <div
              style="position: absolute; height: 100%; top: 0px; left: 0px; display: flex; flex: 1; align-self: stretch; align-items: center; justify-content: flex-start;"
            >
              <div
                style="width: 18px; height: 18px; display: flex; align-self: center; box-shadow: none; border-radius: 50%; box-sizing: border-box; position: relative; background-color: rgb(3, 125, 214); left: 18px;"
              />
            </div>
            <input
              style="border: 0px; height: 1px; margin: -1px; overflow: hidden; padding: 0px; position: absolute; width: 1px;"
              type="checkbox"
              value="true"
            />
          </div>
          <div
            class="toggle-button__status"
          >
            <span
              class="toggle-button__label-off"
            >
              Off
            </span>
            <span
              class="toggle-button__label-on"
            >
              On
            </span>
          </div>
        </label>
      </div>
    </div>
    <div
      class="mm-box network-toggle-wrapper mm-box--margin-top-6 mm-box--margin-bottom-6 mm-box--display-flex mm-box--gap-4 mm-box--flex-direction-row mm-box--justify-content-space-between"
      data-testid="network-toggle-0x5"
    >
      <div
        class="mm-box network-toggle-wrapper__overflow-container mm-box--display-flex mm-box--gap-4 mm-box--align-items-center mm-box--width-full mm-box--background-color-transparent"
      >
        <div
          class="mm-box mm-text mm-avatar-base mm-avatar-base--size-sm mm-avatar-network mm-text--body-sm mm-text--text-transform-uppercase mm-box--display-flex mm-box--justify-content-center mm-box--align-items-center mm-box--color-text-default mm-box--background-color-background-alternative mm-box--rounded-full mm-box--border-color-transparent box--border-style-solid box--border-width-1"
        >
          G
        </div>
        <div
          class="mm-box network-toggle-wrapper__overflow-container mm-box--display-flex mm-box--flex-direction-column"
        >
          <p
            class="mm-box mm-text mm-text--body-md mm-text--ellipsis mm-box--color-text-default mm-box--background-color-transparent"
          >
            Goerli
          </p>
          <p
            class="mm-box mm-text mm-text--body-sm mm-text--ellipsis mm-box--color-primary-default mm-box--background-color-transparent"
          >
            <a
              href="https://etherscan.io"
              rel="noreferrer"
              target="_blank"
            >
              Etherscan.io
            </a>
          </p>
        </div>
      </div>
      <div
        class="mm-box mm-box--margin-left-auto"
      >
        <label
          class="toggle-button toggle-button--off"
          tabindex="0"
        >
          <div
            style="display: flex; width: 52px; align-items: center; justify-content: flex-start; position: relative; cursor: pointer; background-color: transparent; border: 0px; padding: 0px; user-select: none;"
          >
            <div
              style="width: 40px; height: 24px; padding: 0px; border-radius: 26px; display: flex; align-items: center; justify-content: center; background-color: rgb(242, 244, 246);"
            >
              <div
                style="font-size: 11px; display: flex; align-items: center; justify-content: center; font-family: 'Helvetica Neue', Helvetica, sans-serif; position: relative; color: rgb(250, 250, 250); margin-top: auto; margin-bottom: auto; line-height: 0; opacity: 0; width: 26px; height: 20px; left: 4px;"
              />
              <div
                style="font-size: 11px; display: flex; align-items: center; justify-content: center; font-family: 'Helvetica Neue', Helvetica, sans-serif; position: relative; color: rgba(255, 255, 255, 0.6); bottom: 0px; margin-top: auto; margin-bottom: auto; padding-right: 5px; line-height: 0; width: 26px; height: 20px; opacity: 1;"
              />
            </div>
            <div
              style="position: absolute; height: 100%; top: 0px; left: 0px; display: flex; flex: 1; align-self: stretch; align-items: center; justify-content: flex-start;"
            >
              <div
                style="width: 18px; height: 18px; display: flex; align-self: center; box-shadow: none; border-radius: 50%; box-sizing: border-box; position: relative; background-color: rgb(106, 115, 125); left: 3px;"
              />
            </div>
            <input
              style="border: 0px; height: 1px; margin: -1px; overflow: hidden; padding: 0px; position: absolute; width: 1px;"
              type="checkbox"
              value="false"
            />
          </div>
          <div
            class="toggle-button__status"
          >
            <span
              class="toggle-button__label-off"
            >
              Off
            </span>
            <span
              class="toggle-button__label-on"
            >
              On
            </span>
          </div>
        </label>
      </div>
    </div>
    <div
      class="mm-box network-toggle-wrapper mm-box--margin-top-6 mm-box--margin-bottom-6 mm-box--display-flex mm-box--gap-4 mm-box--flex-direction-row mm-box--justify-content-space-between"
      data-testid="network-toggle-0xaa36a7"
    >
      <div
        class="mm-box network-toggle-wrapper__overflow-container mm-box--display-flex mm-box--gap-4 mm-box--align-items-center mm-box--width-full mm-box--background-color-transparent"
      >
        <div
          class="mm-box mm-text mm-avatar-base mm-avatar-base--size-sm mm-avatar-network mm-text--body-sm mm-text--text-transform-uppercase mm-box--display-flex mm-box--justify-content-center mm-box--align-items-center mm-box--color-text-default mm-box--background-color-background-alternative mm-box--rounded-full mm-box--border-color-transparent box--border-style-solid box--border-width-1"
        >
          S
        </div>
        <div
          class="mm-box network-toggle-wrapper__overflow-container mm-box--display-flex mm-box--flex-direction-column"
        >
          <p
            class="mm-box mm-text mm-text--body-md mm-text--ellipsis mm-box--color-text-default mm-box--background-color-transparent"
          >
            Sepolia
          </p>
          <p
            class="mm-box mm-text mm-text--body-sm mm-text--ellipsis mm-box--color-primary-default mm-box--background-color-transparent"
          >
            <a
              href="https://etherscan.io"
              rel="noreferrer"
              target="_blank"
            >
              Etherscan.io
            </a>
          </p>
        </div>
      </div>
      <div
        class="mm-box mm-box--margin-left-auto"
      >
        <label
          class="toggle-button toggle-button--on"
          tabindex="0"
        >
          <div
            style="display: flex; width: 52px; align-items: center; justify-content: flex-start; position: relative; cursor: pointer; background-color: transparent; border: 0px; padding: 0px; user-select: none;"
          >
            <div
              style="width: 40px; height: 24px; padding: 0px; border-radius: 26px; display: flex; align-items: center; justify-content: center; background-color: rgb(242, 244, 246);"
            >
              <div
                style="font-size: 11px; display: flex; align-items: center; justify-content: center; font-family: 'Helvetica Neue', Helvetica, sans-serif; position: relative; color: rgb(250, 250, 250); margin-top: auto; margin-bottom: auto; line-height: 0; opacity: 1; width: 26px; height: 20px; left: 4px;"
              />
              <div
                style="font-size: 11px; display: flex; align-items: center; justify-content: center; font-family: 'Helvetica Neue', Helvetica, sans-serif; position: relative; color: rgba(255, 255, 255, 0.6); bottom: 0px; margin-top: auto; margin-bottom: auto; padding-right: 5px; line-height: 0; width: 26px; height: 20px; opacity: 0;"
              />
            </div>
            <div
              style="position: absolute; height: 100%; top: 0px; left: 0px; display: flex; flex: 1; align-self: stretch; align-items: center; justify-content: flex-start;"
            >
              <div
                style="width: 18px; height: 18px; display: flex; align-self: center; box-shadow: none; border-radius: 50%; box-sizing: border-box; position: relative; background-color: rgb(3, 125, 214); left: 18px;"
              />
            </div>
            <input
              style="border: 0px; height: 1px; margin: -1px; overflow: hidden; padding: 0px; position: absolute; width: 1px;"
              type="checkbox"
              value="true"
            />
          </div>
          <div
            class="toggle-button__status"
          >
            <span
              class="toggle-button__label-off"
            >
              Off
            </span>
            <span
              class="toggle-button__label-on"
            >
              On
            </span>
          </div>
        </label>
      </div>
    </div>
    <div
      class="mm-box network-toggle-wrapper mm-box--margin-top-6 mm-box--margin-bottom-6 mm-box--display-flex mm-box--gap-4 mm-box--flex-direction-row mm-box--justify-content-space-between"
      data-testid="network-toggle-0xe704"
    >
      <div
        class="mm-box network-toggle-wrapper__overflow-container mm-box--display-flex mm-box--gap-4 mm-box--align-items-center mm-box--width-full mm-box--background-color-transparent"
      >
        <div
          class="mm-box mm-text mm-avatar-base mm-avatar-base--size-sm mm-avatar-network mm-text--body-sm mm-text--text-transform-uppercase mm-box--display-flex mm-box--justify-content-center mm-box--align-items-center mm-box--color-text-default mm-box--background-color-background-alternative mm-box--rounded-full mm-box--border-color-transparent box--border-style-solid box--border-width-1"
        >
          <img
            alt="Linea Goerli logo"
            class="mm-avatar-network__network-image"
            src="./images/linea-logo-testnet.png"
          />
        </div>
        <div
          class="mm-box network-toggle-wrapper__overflow-container mm-box--display-flex mm-box--flex-direction-column"
        >
          <p
            class="mm-box mm-text mm-text--body-md mm-text--ellipsis mm-box--color-text-default mm-box--background-color-transparent"
          >
            Linea Goerli
          </p>
          <p
            class="mm-box mm-text mm-text--body-sm mm-text--ellipsis mm-box--color-primary-default mm-box--background-color-transparent"
          >
            <a
              href="https://lineascan.build"
              rel="noreferrer"
              target="_blank"
            >
              Lineascan.build
            </a>
          </p>
        </div>
      </div>
      <div
        class="mm-box mm-box--margin-left-auto"
      >
        <label
          class="toggle-button toggle-button--on"
          tabindex="0"
        >
          <div
            style="display: flex; width: 52px; align-items: center; justify-content: flex-start; position: relative; cursor: pointer; background-color: transparent; border: 0px; padding: 0px; user-select: none;"
          >
            <div
              style="width: 40px; height: 24px; padding: 0px; border-radius: 26px; display: flex; align-items: center; justify-content: center; background-color: rgb(242, 244, 246);"
            >
              <div
                style="font-size: 11px; display: flex; align-items: center; justify-content: center; font-family: 'Helvetica Neue', Helvetica, sans-serif; position: relative; color: rgb(250, 250, 250); margin-top: auto; margin-bottom: auto; line-height: 0; opacity: 1; width: 26px; height: 20px; left: 4px;"
              />
              <div
                style="font-size: 11px; display: flex; align-items: center; justify-content: center; font-family: 'Helvetica Neue', Helvetica, sans-serif; position: relative; color: rgba(255, 255, 255, 0.6); bottom: 0px; margin-top: auto; margin-bottom: auto; padding-right: 5px; line-height: 0; width: 26px; height: 20px; opacity: 0;"
              />
            </div>
            <div
              style="position: absolute; height: 100%; top: 0px; left: 0px; display: flex; flex: 1; align-self: stretch; align-items: center; justify-content: flex-start;"
            >
              <div
                style="width: 18px; height: 18px; display: flex; align-self: center; box-shadow: none; border-radius: 50%; box-sizing: border-box; position: relative; background-color: rgb(3, 125, 214); left: 18px;"
              />
            </div>
            <input
              style="border: 0px; height: 1px; margin: -1px; overflow: hidden; padding: 0px; position: absolute; width: 1px;"
              type="checkbox"
              value="true"
            />
          </div>
          <div
            class="toggle-button__status"
          >
            <span
              class="toggle-button__label-off"
            >
              Off
            </span>
            <span
              class="toggle-button__label-on"
            >
              On
            </span>
          </div>
        </label>
      </div>
    </div>
  </div>
</div>
`;
